// Jest Snapshot v1, https://goo.gl/fbAQLP

exports[`<AddItem/> should match the snapshot 1`] = `
<form
  className="add-item"
  onSubmit={[MockFunction]}
>
  <input
    id="name"
    onChange={[MockFunction]}
    pattern="^[a-zA-Z]+$"
    placeholder="Name"
    type="text"
    value="mockConstructor"
  />
  <input
    id="price"
    min="1"
    onChange={[MockFunction]}
    placeholder="Price"
    type="number"
  />
  <input
    id="quantity"
    min="1"
    onChange={[MockFunction]}
    placeholder="Quantity"
    type="number"
  />
  <button
    className="submit-form"
    disabled={true}
    style={
      Object {
        "background": "rgb(141, 108, 202)",
        "cursor": "auto",
      }
    }
    type="submit"
  >
    Add item
  </button>
</form>
`;
